// Jest Snapshot v1, https://goo.gl/fbAQLP

exports[`AppBar component renders correctly 1`] = `
"<ContextProvider value={{...}}>
  <AppBar classes={{...}} t={[Function: t]} />
</ContextProvider>"
`;
